alu0101037653@cc2327:~$ ssh -p 2200 alu0101037653@exthost2.etsii.ull.es
alu0101037653@exthost2.etsii.ull.es's password: 
^C
alu0101037653@cc2327:~$ ssh -p 2201 alu0101037653@exthost2.etsii.ull.es
The authenticity of host '[exthost2.etsii.ull.es]:2201 ([10.209.32.241]:2201)' can't be established.
ECDSA key fingerprint is SHA256:DxaI2HMcBvdTyAwFnePfVzpKJqHWo7siFk4/Dmp2tOI.
Are you sure you want to continue connecting (yes/no)? yes
Warning: Permanently added '[exthost2.etsii.ull.es]:2201,[10.209.32.241]:2201' (ECDSA) to the list of known hosts.
alu0101037653@exthost2.etsii.ull.es's password: 
Welcome to Ubuntu 16.04.3 LTS (GNU/Linux 4.4.0-134-generic x86_64)

 * Documentation:  https://help.ubuntu.com
 * Management:     https://landscape.canonical.com
 * Support:        https://ubuntu.com/advantage

The programs included with the Ubuntu system are free software;
the exact distribution terms for each program are described in the
individual files in /usr/share/doc/*/copyright.

Ubuntu comes with ABSOLUTELY NO WARRANTY, to the extent permitted by
applicable law.

Last login: Wed Nov 28 13:41:12 2018 from 10.209.32.76
alu0101037653@280a17b13847:~$ sqlplus2 administrador

SQL*Plus: Release 12.2.0.1.0 Production on Wed Dec 12 13:09:21 2018

Copyright (c) 1982, 2016, Oracle.  All rights reserved.

Enter password: 
Last Successful login time: Wed Dec 12 2018 13:09:13 +00:00

Connected to:
Oracle Database 12c Enterprise Edition Release 12.2.0.1.0 - 64bit Production

SQL> GRANT CREATE SYNONYM, CREATE VIEW
  2  TO alu0101037653;

Grant succeeded.

SQL> exit
Disconnected from Oracle Database 12c Enterprise Edition Release 12.2.0.1.0 - 64bit Production
alu0101037653@280a17b13847:~$ sqlplus

SQL*Plus: Release 12.2.0.1.0 Production on Wed Dec 12 13:11:37 2018

Copyright (c) 1982, 2016, Oracle.  All rights reserved.

Enter password: 
Last Successful login time: Sun Dec 09 2018 21:47:27 +00:00

Connected to:
Oracle Database 12c Enterprise Edition Release 12.2.0.1.0 - 64bit Production

SQL> SPOOL PRACT08
SQL> DESCRIBE USER-CONSTRAINTS;
SP2-0565: Illegal identifier.
SQL> DESCRIBE USER_CONSTRAINTS;
 Name					   Null?    Type
 ----------------------------------------- -------- ----------------------------
 OWNER						    VARCHAR2(128)
 CONSTRAINT_NAME				    VARCHAR2(128)
 CONSTRAINT_TYPE				    VARCHAR2(1)
 TABLE_NAME					    VARCHAR2(128)
 SEARCH_CONDITION				    LONG
 SEARCH_CONDITION_VC				    VARCHAR2(4000)
 R_OWNER					    VARCHAR2(128)
 R_CONSTRAINT_NAME				    VARCHAR2(128)
 DELETE_RULE					    VARCHAR2(9)
 STATUS 					    VARCHAR2(8)
 DEFERRABLE					    VARCHAR2(14)
 DEFERRED					    VARCHAR2(9)
 VALIDATED					    VARCHAR2(13)
 GENERATED					    VARCHAR2(14)
 BAD						    VARCHAR2(3)
 RELY						    VARCHAR2(4)
 LAST_CHANGE					    DATE
 INDEX_OWNER					    VARCHAR2(128)
 INDEX_NAME					    VARCHAR2(128)
 INVALID					    VARCHAR2(7)
 VIEW_RELATED					    VARCHAR2(14)
 ORIGIN_CON_ID					    NUMBER

SQL> SELECT TABLE_NAME, CONSTRAINT_NAME
  2  FROM  USER-CONSTRAINTS;
FROM  USER-CONSTRAINTS
      *
ERROR at line 2:
ORA-00903: invalid table name


SQL> SELECT TABLE_NAME, CONSTRAINT_NAME
  2  FROM  USER_CONSTRAINTS;

TABLE_NAME
--------------------------------------------------------------------------------
CONSTRAINT_NAME
--------------------------------------------------------------------------------
PROFESOR
SYS_C0072230

ASIGNATURA
SYS_C0072318

PLAN_DOCENTE
SYS_C0072354


TABLE_NAME
--------------------------------------------------------------------------------
CONSTRAINT_NAME
--------------------------------------------------------------------------------
AREA
SYS_C0072200

PLAN_DOCENTE
SYS_C0072353

DEPARTAMENTO
SYS_C0072138


TABLE_NAME
--------------------------------------------------------------------------------
CONSTRAINT_NAME
--------------------------------------------------------------------------------
AREA
SYS_C0072199

PROFESOR
SYS_C0072229

ASIGNATURA
SYS_C0072314


TABLE_NAME
--------------------------------------------------------------------------------
CONSTRAINT_NAME
--------------------------------------------------------------------------------
ASIGNATURA
SYS_C0072315

ASIGNATURA
SYS_C0072316

ASIGNATURA
SYS_C0072317


TABLE_NAME
--------------------------------------------------------------------------------
CONSTRAINT_NAME
--------------------------------------------------------------------------------
PLAN_DOCENTE
SYS_C0072351

PLAN_DOCENTE
SYS_C0072352


14 rows selected.

SQL> SELECT *
  2  FROM PROFESOR
  3  WHERE DNI=&dni;
Enter value for dni: 1111
old   3: WHERE DNI=&dni
new   3: WHERE DNI=1111

       DNI P
---------- ------------------------------------------------------------
       CAR CAT
---------- -----
      1111 JUAN
	 6 CU


SQL> run
  1  SELECT *
  2  FROM PROFESOR
  3* WHERE DNI=&dni
Enter value for dni: 2222
old   3: WHERE DNI=&dni
new   3: WHERE DNI=2222

       DNI P
---------- ------------------------------------------------------------
       CAR CAT
---------- -----
      2222 CARLOS
	 7 TU


SQL> CREATE TABLE TITULACION
  2  (T CHAR(4) PRIMARY KEY,
  3  FAC VARCHAR2(60));

Table created.

SQL> INSERT INTO TITULACION(T)
  2  SELECT DISTINCT T
  3  FROM ASIGNATURA;

4 rows created.

SQL> SELECT *
  2  FROM TITULACION;

T    FAC
---- ------------------------------------------------------------
GF
GM
GII
MII

SQL> UPDATE TITULACION
  2  SET FAC = "FACULTAD DE ASTRONOMIA"
  3  WHERE T = 'GF';
SET FAC = "FACULTAD DE ASTRONOMIA"
          *
ERROR at line 2:
ORA-00904: "FACULTAD DE ASTRONOMIA": invalid identifier


SQL> UPDATE TITULACION
  2  SET FAC = 'FACULTAD DE ASTRONOMIA'
  3  WHERE T = 'GF';

1 row updated.

SQL> UPDATE TITULACION
  2  SET FAC = 'FACULTAD DE MATEMATICAS'
  3  WHERE T = 'GM';

1 row updated.

SQL> UPDATE TITULACION
  2  SET FAC = 'FACULTAD DE INGENIERIA INFORMATICA'
  3  WHERE T = 'GII';

1 row updated.

SQL> UPDATE TITULACION
  2  SET FAC = 'FACULTAD DE FISICA Y MATEMATICAS'
  3  WHERE T = 'MII';

1 row updated.

SQL> SELECT *
  2  FROM TITULACION;

T    FAC
---- ------------------------------------------------------------
GF   FACULTAD DE ASTRONOMIA
GM   FACULTAD DE MATEMATICAS
GII  FACULTAD DE INGENIERIA INFORMATICA
MII  FACULTAD DE FISICA Y MATEMATICAS

SQL> SPOOL OFF
SQL> exit
Disconnected from Oracle Database 12c Enterprise Edition Release 12.2.0.1.0 - 64bit Production
alu0101037653@280a17b13847:~$ exit
logout
Connection to exthost2.etsii.ull.es closed.
alu0101037653@cc2327:~$ 


joselinefron@joselinefron:~$ ssh -p 2200 alu0101037653@exthost2.etsii.ull.es
alu0101037653@exthost2.etsii.ull.es's password: 
Welcome to Ubuntu 16.04.3 LTS (GNU/Linux 4.4.0-134-generic x86_64)

 * Documentation:  https://help.ubuntu.com
 * Management:     https://landscape.canonical.com
 * Support:        https://ubuntu.com/advantage

The programs included with the Ubuntu system are free software;
the exact distribution terms for each program are described in the
individual files in /usr/share/doc/*/copyright.

Ubuntu comes with ABSOLUTELY NO WARRANTY, to the extent permitted by
applicable law.

Last login: Thu Dec 27 15:14:21 2018 from 10.20.50.249
alu0101037653@4c688d36742f:~$ sqlplus

alu0101037653@4c688d36742f:~$ sqlplus


alu0101037653@4c688d36742f:~$ exit
logout
Connection to exthost2.etsii.ull.es closed.
joselinefron@joselinefron:~$ ssh -p 2201 alu0101037653@exthost2.etsii.ull.es
alu0101037653@exthost2.etsii.ull.es's password: 
Welcome to Ubuntu 16.04.3 LTS (GNU/Linux 4.4.0-134-generic x86_64)

 * Documentation:  https://help.ubuntu.com
 * Management:     https://landscape.canonical.com
 * Support:        https://ubuntu.com/advantage

The programs included with the Ubuntu system are free software;
the exact distribution terms for each program are described in the
individual files in /usr/share/doc/*/copyright.

Ubuntu comes with ABSOLUTELY NO WARRANTY, to the extent permitted by
applicable law.

Last login: Thu Dec 27 15:17:03 2018 from 10.20.50.249
alu0101037653@280a17b13847:~$ sqlplus


alu0101037653@280a17b13847:~$ sqlplus

alu0101037653@280a17b13847:~$ exit
logout
Connection to exthost2.etsii.ull.es closed.
joselinefron@joselinefron:~$ ssh -p 2202 alu0101037653@exthost2.etsii.ull.es
alu0101037653@exthost2.etsii.ull.es's password: 
Welcome to Ubuntu 16.04.3 LTS (GNU/Linux 4.4.0-134-generic x86_64)

 * Documentation:  https://help.ubuntu.com
 * Management:     https://landscape.canonical.com
 * Support:        https://ubuntu.com/advantage

The programs included with the Ubuntu system are free software;
the exact distribution terms for each program are described in the
individual files in /usr/share/doc/*/copyright.

Ubuntu comes with ABSOLUTELY NO WARRANTY, to the extent permitted by
applicable law.

alu0101037653@4fa97f7c0700:~$ sqlplus

alu0101037653@4fa97f7c0700:~$ sqlplus

alu0101037653@4fa97f7c0700:~$ exit   
logout
Connection to exthost2.etsii.ull.es closed.
joselinefron@joselinefron:~$ ssh -p 2203 alu0101037653@exthost2.etsii.ull.es
alu0101037653@exthost2.etsii.ull.es's password: 
Welcome to Ubuntu 16.04.3 LTS (GNU/Linux 4.4.0-134-generic x86_64)

 * Documentation:  https://help.ubuntu.com
 * Management:     https://landscape.canonical.com
 * Support:        https://ubuntu.com/advantage

The programs included with the Ubuntu system are free software;
the exact distribution terms for each program are described in the
individual files in /usr/share/doc/*/copyright.

Ubuntu comes with ABSOLUTELY NO WARRANTY, to the extent permitted by
applicable law.

alu0101037653@9be27b2f6445:~$ sqlplus

alu0101037653@9be27b2f6445:~$ sqlplus

alu0101037653@9be27b2f6445:~$ exit 
logout
Connection to exthost2.etsii.ull.es closed.
joselinefron@joselinefron:~$ ssh -p 2205 alu0101037653@exthost2.etsii.ull.es
alu0101037653@exthost2.etsii.ull.es's password: 
^C
joselinefron@joselinefron:~$ ssh -p 2205 alu0101037653@exthost2.etsii.ull.es
alu0101037653@exthost2.etsii.ull.es's password: 
Connection closed by 10.209.32.241 port 2205
joselinefron@joselinefron:~$ ssh -p 2205 alu0101037653@exthost2.etsii.ull.es
alu0101037653@exthost2.etsii.ull.es's password: 
Connection closed by 10.209.32.241 port 2205
joselinefron@joselinefron:~$ ssh -p 2204 alu0101037653@exthost2.etsii.ull.es
alu0101037653@exthost2.etsii.ull.es's password: 
Welcome to Ubuntu 16.04.3 LTS (GNU/Linux 4.4.0-134-generic x86_64)

 * Documentation:  https://help.ubuntu.com
 * Management:     https://landscape.canonical.com
 * Support:        https://ubuntu.com/advantage

The programs included with the Ubuntu system are free software;
the exact distribution terms for each program are described in the
individual files in /usr/share/doc/*/copyright.

Ubuntu comes with ABSOLUTELY NO WARRANTY, to the extent permitted by
applicable law.

Last login: Sun Dec  9 21:07:00 2018 from 10.20.50.136
alu0101037653@0430c837df65:~$ sqlplus

alu0101037653@0430c837df65:~$ sqlplus

alu0101037653@0430c837df65:~$ sqlplus

alu0101037653@0430c837df65:~$ sqlplus

SQL*Plus: Release 12.2.0.1.0 Production on Wed Jan 2 18:10:16 2019

Copyright (c) 1982, 2016, Oracle.  All rights reserved.

Enter password: 
Last Successful login time: Wed Dec 19 2018 13:08:20 +00:00

Connected to:
Oracle Database 12c Enterprise Edition Release 12.2.0.1.0 - 64bit Production

SQL> SPOOL PRACT08
SQL> SELECT *
  2  FROM TITULACION
  3  ;

T    FAC
---- ------------------------------------------------------------
GF   FACULTAD DE ASTRONOMIA
GM   FACULTAD DE MATEMATICAS
GII  FACULTAD DE INGENIERIA INFORMATICA
MII  FACULTAD DE FISICA Y MATEMATICAS

SQL> CREATE SYNONYM TIT FOR TITULACION;

Synonym created.

SQL> SELECT *
  2  FROM TIT;

T    FAC
---- ------------------------------------------------------------
GF   FACULTAD DE ASTRONOMIA
GM   FACULTAD DE MATEMATICAS
GII  FACULTAD DE INGENIERIA INFORMATICA
MII  FACULTAD DE FISICA Y MATEMATICAS

SQL> ALTER TABLE ASIGNATURA
  2  ADD FOREIGN KEY(T)
  3  REFERENCES TITULACION
  4  ON DELETE CASCADE;

Table altered.

SQL> SELECT *
  2  FROM ASIGNATURA;

       CAS A						      T 	  CUR
---------- -------------------------------------------------- ---- ----------
       CAR	   CT	      CP	 CL
---------- ---------- ---------- ----------
	 1 BASES DE DATOS				      GII    3
	 7	    3	     1.5	1.5

	 2 INTELIGENCIA ARTIFICIAL			      GII    3
	 4	  1.5	     1.5	  3

	 3 ALMACENES DE DATOS				      MII    1
	 7	  1.5	       0	1.5


       CAS A						      T 	  CUR
---------- -------------------------------------------------- ---- ----------
       CAR	   CT	      CP	 CL
---------- ---------- ---------- ----------
	 4 MINERIA DE DATOS				      MII    1
	 7	  1.5	       0	1.5

	 5 INFORMATICA BASICA				      GII    1
	 7	    3	     1.5	1.5

	 6 ALGEBRA					      GII    1
	 1	    3	       3	  0


       CAS A						      T 	  CUR
---------- -------------------------------------------------- ---- ----------
       CAR	   CT	      CP	 CL
---------- ---------- ---------- ----------
	 7 CALCULO					      GII    1
	 8	    3	       3	  0

	 8 OPTIMIZACION 				      GII    1
	 6	    3	     1.5	1.5

	 9 GESTION DE RIESGOS				      GII    3
	 4	    3	       0	  3


       CAS A						      T 	  CUR
---------- -------------------------------------------------- ---- ----------
       CAR	   CT	      CP	 CL
---------- ---------- ---------- ----------
	10 ASTRONOMIA					      GF	    2
	 3	    3	     1.5	1.5

	11 ENSENANZA DE LA MATEMATICA			      GM	    2
	 5	    6	       0	  0

	12 ANALISIS COMPLEJO				      GM	    4
	 2	  4.5	       3	  0


12 rows selected.

SQL> ALTER TABLE TITULACION
  2  MODIFY T CHAR(6);
ALTER TABLE TITULACION
*
ERROR at line 1:
ORA-02292: integrity constraint (ALU0101037653.SYS_C0084410) violated - child
record found


SQL> CRETE VIEW VISTA1
SP2-0734: unknown command beginning "CRETE VIEW..." - rest of line ignored.
SQL> CREATE VIEW VISTA1
  2  AS SELECT CAS,A,T,CUR,CAR
  3  FROM ASIGNATURA;

View created.

SQL> SELECT *
  2  FROM VISTA1;

       CAS A						      T 	  CUR
---------- -------------------------------------------------- ---- ----------
       CAR
----------
	 1 BASES DE DATOS				      GII    3
	 7

	 2 INTELIGENCIA ARTIFICIAL			      GII    3
	 4

	 3 ALMACENES DE DATOS				      MII    1
	 7


       CAS A						      T 	  CUR
---------- -------------------------------------------------- ---- ----------
       CAR
----------
	 4 MINERIA DE DATOS				      MII    1
	 7

	 5 INFORMATICA BASICA				      GII    1
	 7

	 6 ALGEBRA					      GII    1
	 1


       CAS A						      T 	  CUR
---------- -------------------------------------------------- ---- ----------
       CAR
----------
	 7 CALCULO					      GII    1
	 8

	 8 OPTIMIZACION 				      GII    1
	 6

	 9 GESTION DE RIESGOS				      GII    3
	 4


       CAS A						      T 	  CUR
---------- -------------------------------------------------- ---- ----------
       CAR
----------
	10 ASTRONOMIA					      GF	    2
	 3

	11 ENSENANZA DE LA MATEMATICA			      GM	    2
	 5

	12 ANALISIS COMPLEJO				      GM	    4
	 2


12 rows selected.

SQL> INSERT INTO VISTA1
  2  VALUES(13,'ESTADISTICA','GII',3,7)
  3  ;

1 row created.

SQL> SELECT *
  2  FROM VISTA1;

       CAS A						      T 	  CUR
---------- -------------------------------------------------- ---- ----------
       CAR
----------
	 1 BASES DE DATOS				      GII    3
	 7

	 2 INTELIGENCIA ARTIFICIAL			      GII    3
	 4

	 3 ALMACENES DE DATOS				      MII    1
	 7


       CAS A						      T 	  CUR
---------- -------------------------------------------------- ---- ----------
       CAR
----------
	 4 MINERIA DE DATOS				      MII    1
	 7

	 5 INFORMATICA BASICA				      GII    1
	 7

	 6 ALGEBRA					      GII    1
	 1


       CAS A						      T 	  CUR
---------- -------------------------------------------------- ---- ----------
       CAR
----------
	 7 CALCULO					      GII    1
	 8

	 8 OPTIMIZACION 				      GII    1
	 6

	 9 GESTION DE RIESGOS				      GII    3
	 4


       CAS A						      T 	  CUR
---------- -------------------------------------------------- ---- ----------
       CAR
----------
	10 ASTRONOMIA					      GF	    2
	 3

	11 ENSENANZA DE LA MATEMATICA			      GM	    2
	 5

	12 ANALISIS COMPLEJO				      GM	    4
	 2


       CAS A						      T 	  CUR
---------- -------------------------------------------------- ---- ----------
       CAR
----------
	13 ESTADISTICA					      GII    3
	 7


13 rows selected.

SQL> SELECT *
  2  FROM ASIGNATURAS;
FROM ASIGNATURAS
     *
ERROR at line 2:
ORA-00942: table or view does not exist


SQL> SELECT *
  2  FROM ASIGNATURA;

       CAS A						      T 	  CUR
---------- -------------------------------------------------- ---- ----------
       CAR	   CT	      CP	 CL
---------- ---------- ---------- ----------
	 1 BASES DE DATOS				      GII    3
	 7	    3	     1.5	1.5

	 2 INTELIGENCIA ARTIFICIAL			      GII    3
	 4	  1.5	     1.5	  3

	 3 ALMACENES DE DATOS				      MII    1
	 7	  1.5	       0	1.5


       CAS A						      T 	  CUR
---------- -------------------------------------------------- ---- ----------
       CAR	   CT	      CP	 CL
---------- ---------- ---------- ----------
	 4 MINERIA DE DATOS				      MII    1
	 7	  1.5	       0	1.5

	 5 INFORMATICA BASICA				      GII    1
	 7	    3	     1.5	1.5

	 6 ALGEBRA					      GII    1
	 1	    3	       3	  0


       CAS A						      T 	  CUR
---------- -------------------------------------------------- ---- ----------
       CAR	   CT	      CP	 CL
---------- ---------- ---------- ----------
	 7 CALCULO					      GII    1
	 8	    3	       3	  0

	 8 OPTIMIZACION 				      GII    1
	 6	    3	     1.5	1.5

	 9 GESTION DE RIESGOS				      GII    3
	 4	    3	       0	  3


       CAS A						      T 	  CUR
---------- -------------------------------------------------- ---- ----------
       CAR	   CT	      CP	 CL
---------- ---------- ---------- ----------
	10 ASTRONOMIA					      GF	    2
	 3	    3	     1.5	1.5

	11 ENSENANZA DE LA MATEMATICA			      GM	    2
	 5	    6	       0	  0

	12 ANALISIS COMPLEJO				      GM	    4
	 2	  4.5	       3	  0


       CAS A						      T 	  CUR
---------- -------------------------------------------------- ---- ----------
       CAR	   CT	      CP	 CL
---------- ---------- ---------- ----------
	13 ESTADISTICA					      GII    3
	 7	    0	       0	  0


13 rows selected.

SQL> UPDATE VISTA1
  2  SET CAR=6
  3  WHERE CAS=13;

1 row updated.

SQL> SELECT *
  2  FROM VISTA1;

       CAS A						      T 	  CUR
---------- -------------------------------------------------- ---- ----------
       CAR
----------
	 1 BASES DE DATOS				      GII    3
	 7

	 2 INTELIGENCIA ARTIFICIAL			      GII    3
	 4

	 3 ALMACENES DE DATOS				      MII    1
	 7


       CAS A						      T 	  CUR
---------- -------------------------------------------------- ---- ----------
       CAR
----------
	 4 MINERIA DE DATOS				      MII    1
	 7

	 5 INFORMATICA BASICA				      GII    1
	 7

	 6 ALGEBRA					      GII    1
	 1


       CAS A						      T 	  CUR
---------- -------------------------------------------------- ---- ----------
       CAR
----------
	 7 CALCULO					      GII    1
	 8

	 8 OPTIMIZACION 				      GII    1
	 6

	 9 GESTION DE RIESGOS				      GII    3
	 4


       CAS A						      T 	  CUR
---------- -------------------------------------------------- ---- ----------
       CAR
----------
	10 ASTRONOMIA					      GF	    2
	 3

	11 ENSENANZA DE LA MATEMATICA			      GM	    2
	 5

	12 ANALISIS COMPLEJO				      GM	    4
	 2


       CAS A						      T 	  CUR
---------- -------------------------------------------------- ---- ----------
       CAR
----------
	13 ESTADISTICA					      GII    3
	 6


13 rows selected.

SQL> CREATE VIEW VISTA2
  2  AS SELECT DNI,A,T,CUR,CAR
  3  FROM PLAN_DOCENTE NATURAL JOIN VISTA1;

View created.

SQL> SELECT *
  2  FROM VISTA2;

       DNI A						      T 	  CUR
---------- -------------------------------------------------- ---- ----------
       CAR
----------
      4444 BASES DE DATOS				      GII    3
	 7

      3333 INTELIGENCIA ARTIFICIAL			      GII    3
	 4

      1010 INTELIGENCIA ARTIFICIAL			      GII    3
	 4


       DNI A						      T 	  CUR
---------- -------------------------------------------------- ---- ----------
       CAR
----------
      2222 ALMACENES DE DATOS				      MII    1
	 7

      2020 ALMACENES DE DATOS				      MII    1
	 7

      4444 MINERIA DE DATOS				      MII    1
	 7


       DNI A						      T 	  CUR
---------- -------------------------------------------------- ---- ----------
       CAR
----------
      2222 MINERIA DE DATOS				      MII    1
	 7

      4444 INFORMATICA BASICA				      GII    1
	 7

      5555 ALGEBRA					      GII    1
	 1


       DNI A						      T 	  CUR
---------- -------------------------------------------------- ---- ----------
       CAR
----------
      9999 CALCULO					      GII    1
	 8

      3030 OPTIMIZACION 				      GII    1
	 6

      1111 OPTIMIZACION 				      GII    1
	 6


       DNI A						      T 	  CUR
---------- -------------------------------------------------- ---- ----------
       CAR
----------
      1111 OPTIMIZACION 				      GII    1
	 6

      3333 GESTION DE RIESGOS				      GII    3
	 4

      1010 GESTION DE RIESGOS				      GII    3
	 4


       DNI A						      T 	  CUR
---------- -------------------------------------------------- ---- ----------
       CAR
----------
      1010 GESTION DE RIESGOS				      GII    3
	 4

      6666 ASTRONOMIA					      GF	    2
	 3

      8888 ENSENANZA DE LA MATEMATICA			      GM	    2
	 5


       DNI A						      T 	  CUR
---------- -------------------------------------------------- ---- ----------
       CAR
----------
      7777 ANALISIS COMPLEJO				      GM	    4
	 2


19 rows selected.

SQL> UPDATE VISTA2
  2  ;

*
ERROR at line 2:
ORA-00971: missing SET keyword


SQL> UPDATE VISTA2
  2  SET A='ASTRONOMIA'
  3  WHERE DNI=7777;
SET A='ASTRONOMIA'
    *
ERROR at line 2:
ORA-01779: cannot modify a column which maps to a non key-preserved table


SQL> DESCRIBE VISTA2;
 Name					   Null?    Type
 ----------------------------------------- -------- ----------------------------
 DNI					   NOT NULL NUMBER(8)
 A					   NOT NULL VARCHAR2(50)
 T					   NOT NULL CHAR(4)
 CUR						    NUMBER(1)
 CAR						    NUMBER(3)

SQL> DROP VIEW VISTA1;

View dropped.

SQL> SELECT *
  2  FROM VISTA2;
FROM VISTA2
     *
ERROR at line 2:
ORA-04063: view "ALU0101037653.VISTA2" has errors


SQL> ROLLBACK;

Rollback complete.

SQL> SELECT *
  2  FROM VISTA2;
FROM VISTA2
     *
ERROR at line 2:
ORA-04063: view "ALU0101037653.VISTA2" has errors


SQL> CREATE INDEX INDICE1
  2  ON PROFESOR(P);

Index created.

SQL> SELECT DNI
  2  FROM PROFESOR
  3  WHERE P='JUAN';

       DNI
----------
      1111

SQL> DROP INDEX INDICE1;

Index dropped.

SQL> CREATE VIEW VISTA1
  2  AS SELECT CAS,A,T,CUR,CAR
  3  FROM ASIGNATURA;

View created.

SQL> CREATE INDEX INDICE2
  2  ON VISTA1(CAR);
ON VISTA1(CAR)
   *
ERROR at line 2:
ORA-01702: a view is not appropriate here


SQL> GRANT DEPARTAMENTO, AREA, ASIGNATURA, TITULACION
  2  TO alumno;
GRANT DEPARTAMENTO, AREA, ASIGNATURA, TITULACION
                    *
ERROR at line 1:
ORA-01924: role 'AREA' not granted or does not exist


SQL> GRANT SELECT ON DEPARTAMENTO, AREA, ASIGNATURA, TITULACION
  2  TO alumno;
GRANT SELECT ON DEPARTAMENTO, AREA, ASIGNATURA, TITULACION
                            *
ERROR at line 1:
ORA-00990: missing or invalid privilege


SQL> GRANT DEPARTAMENTO,AREA, ASIGNATURA, TITULACION
  2  TO alumno;
GRANT DEPARTAMENTO,AREA, ASIGNATURA, TITULACION
                   *
ERROR at line 1:
ORA-01924: role 'AREA' not granted or does not exist


SQL> GRANT SELECT ON DEPARTAMENTO,AREA, ASIGNATURA, TITULACION
  2  TO alumno;
GRANT SELECT ON DEPARTAMENTO,AREA, ASIGNATURA, TITULACION
                            *
ERROR at line 1:
ORA-00990: missing or invalid privilege


SQL> GRANT SELECT ON DEPARTAMENTO
  2  TO alumno;

Grant succeeded.

SQL> GRANT SELECT ON AREA
  2  TO alumno;

Grant succeeded.

SQL> GRANT SELECT ON ASIGNATURA
  2  TO alumno;

Grant succeeded.

SQL> GRANT SELECT ON TITULACION
  2  TO alumno;

Grant succeeded.

SQL> GRANT INSERT,UPDATE,DELETE ON DEPARTAMENTO
  2  TO alumno;

Grant succeeded.

SQL> GRANT INSERT,UPDATE,DELETE ON AREA
  2  TO alumno;

Grant succeeded.

SQL> GRANT UPDATE ON ASIGNATURA
  2  TO alumno;

Grant succeeded.

SQL> GRANT UPDATE ON TITULACION
  2  TO alumno;

Grant succeeded.

SQL> COMMIT WORK;

Commit complete.

SQL> SPOOL OFF
SQL> EXIT
Disconnected from Oracle Database 12c Enterprise Edition Release 12.2.0.1.0 - 64bit Production
alu0101037653@0430c837df65:~$ ls
DONT-SAVE-YOUR-FILES-IN-THIS-FOLDER-THEY-WILL-BE-DELETED
Desktop
Escritorio
IMPORTANTE.TXT
NO-GUARDE-SUS-ARCHIVOS-EN-ESTA-CARPETA-SERAN-BORRADOS
PRACT08.lst
README.txt
datos
ficheros-perfil-local
files-in-this-directory-at-login-time.txt
alu0101037653@0430c837df65:~$ sqlplus2

SQL*Plus: Release 12.2.0.1.0 Production on Wed Jan 2 20:17:36 2019

Copyright (c) 1982, 2016, Oracle.  All rights reserved.

SP2-0310: unable to open file "ORCLPDB1.sql"
Enter user-name: alumno
Enter password: 
ERROR:
ORA-12162: TNS:net service name is incorrectly specified


Enter user-name: alumno
Enter password: 
ERROR:
ORA-12162: TNS:net service name is incorrectly specified


Enter user-name: alumno
Enter password: 
ERROR:
ORA-12162: TNS:net service name is incorrectly specified


SP2-0157: unable to CONNECT to ORACLE after 3 attempts, exiting SQL*Plus
alu0101037653@0430c837df65:~$ sqlplus2

SQL*Plus: Release 12.2.0.1.0 Production on Wed Jan 2 20:24:03 2019

Copyright (c) 1982, 2016, Oracle.  All rights reserved.

SP2-0310: unable to open file "ORCLPDB1.sql"
Enter user-name: alumno
Enter password: 
ERROR:
ORA-12162: TNS:net service name is incorrectly specified


Enter user-name: alumno
Enter password: 
ERROR:
ORA-12162: TNS:net service name is incorrectly specified


Enter user-name: alumno
Enter password: 
ERROR:
ORA-12162: TNS:net service name is incorrectly specified


SP2-0157: unable to CONNECT to ORACLE after 3 attempts, exiting SQL*Plus
alu0101037653@0430c837df65:~$ sqlplus

SQL*Plus: Release 12.2.0.1.0 Production on Wed Jan 2 20:31:14 2019

Copyright (c) 1982, 2016, Oracle.  All rights reserved.

Enter password: 
Last Successful login time: Wed Jan 02 2019 18:10:24 +00:00

Connected to:
Oracle Database 12c Enterprise Edition Release 12.2.0.1.0 - 64bit Production

SQL> CONNECT alumno;
Enter password: 
ERROR:
ORA-12162: TNS:net service name is incorrectly specified


Warning: You are no longer connected to ORACLE.
SQL> exit
alu0101037653@0430c837df65:~$ sqlplus2

SQL*Plus: Release 12.2.0.1.0 Production on Wed Jan 2 20:32:54 2019

Copyright (c) 1982, 2016, Oracle.  All rights reserved.

SP2-0310: unable to open file "ORCLPDB1.sql"
Enter user-name: alumno
Enter password: 



joselinefron@joselinefron:~$ ssh -p alu0101037653@exthost2.etsii.ull.es
Bad port 'alu0101037653@exthost2.etsii.ull.es'
joselinefron@joselinefron:~$ ssh alu0101037653@exthost2.etsii.ull.es
The authenticity of host 'exthost2.etsii.ull.es (10.209.32.241)' can't be established.
ECDSA key fingerprint is SHA256:d+0guc1W3UeQ7s/2YKyjqeGYNkfdyjTJENoDT4GQ2lY.
Are you sure you want to continue connecting (yes/no)? yes
Warning: Permanently added 'exthost2.etsii.ull.es,10.209.32.241' (ECDSA) to the list of known hosts.
alu0101037653@exthost2.etsii.ull.es's password: 
Welcome to Ubuntu 16.04.1 LTS (GNU/Linux 4.4.0-134-generic x86_64)

 * Documentation:  https://help.ubuntu.com
 * Management:     https://landscape.canonical.com
 * Support:        https://ubuntu.com/advantage

Pueden actualizarse 380 paquetes.
1 actualización es de seguridad.

New release '18.04.1 LTS' available.
Run 'do-release-upgrade' to upgrade to it.

*** Es necesario reiniciar el sistema ***

The programs included with the Ubuntu system are free software;
the exact distribution terms for each program are described in the
individual files in /usr/share/doc/*/copyright.

Ubuntu comes with ABSOLUTELY NO WARRANTY, to the extent permitted by
applicable law.

Last login: Wed Jan  9 13:12:26 2019 from 10.209.32.80
alu0101037653@c2:~$ sqlplus2 alumno

SQL*Plus: Release 12.2.0.1.0 Production on Mon Jan 14 17:57:51 2019

Copyright (c) 1982, 2016, Oracle.  All rights reserved.

Enter password: 
Last Successful login time: Mon Jan 14 2019 17:52:58 +00:00

Connected to:
Oracle Database 12c Enterprise Edition Release 12.2.0.1.0 - 64bit Production

SQL> SELECT *
  2  FROM DEPARTAMENTO;

	CD D
---------- --------------------
	 1 prueba
	 5 ECONOMIA APLICADA

SQL> SELECT *
  2  FROM PROFESOR;
FROM PROFESOR
     *
ERROR at line 2:
ORA-00942: table or view does not exist


SQL> SELECT *
  2  FROM alu0101037653.DEPARTAMENTO;

	CD D
---------- ------------------------------------------------------------
	 1 ANALISIS MATEMATICO
	 2 ASTROFISICA
	 3 ESTADISTICA, INVESTIGACION OPERATIVA Y COMPUTACION
	 4 MATEMATICA FUNDAMENTAL

SQL> SELECT *
  2  FROM alu0101037653.PROFESOR;
FROM alu0101037653.PROFESOR
                   *
ERROR at line 2:
ORA-00942: table or view does not exist


SQL> INSERT INTO DEPARTAMENTO
  2  VALUES (5,'ECONOMIA');
INSERT INTO DEPARTAMENTO
*
ERROR at line 1:
ORA-00001: unique constraint (ALUMNO.SYS_C0025052) violated


SQL> INSERT INTO alu0101037653.DEPARTAMENTO
  2  VALUES (5,'ECONOMIA');

1 row created.

SQL> UPDATE alu0101037653.DEPARTAMENTO
  2  SET D='ECONOMIA APLICADA'
  3  WHERE CD=5;

1 row updated.

SQL> UPDATE alu0101037653.TITULACION
  2  SET F;
SET F
    *
ERROR at line 2:
ORA-00927: missing equal sign


SQL> SELECT *
  2  FROM alu0101037653.TITULACION
  3  ;

T    FAC
---- ------------------------------------------------------------
GF   FACULTAD DE ASTRONOMIA
GM   FACULTAD DE MATEMATICAS
GII  FACULTAD DE INGENIERIA INFORMATICA
MII  FACULTAD DE FISICA Y MATEMATICAS

SQL> UPDATE alu0101037653.TITULACION
  2  SET FAC='ETSII'
  3  WHERE T='GII';

1 row updated.

SQL> DELETE FROM alu0101037653.TITULACION
  2  WHERE T='GII';
DELETE FROM alu0101037653.TITULACION
                          *
ERROR at line 1:
ORA-01031: insufficient privileges


SQL> ROLLBACK WORK;

Rollback complete.

SQL> CREATE VIEW VISTA3
  2  AS SELECT A, CAR
  3  FROM alu0101037653.ASIGNATURA;

View created.

SQL> SELECT *
  2  FROM VISTA3;

A							  CAR
-------------------------------------------------- ----------
BASES DE DATOS						    7
INTELIGENCIA ARTIFICIAL 				    4
ALMACENES DE DATOS					    7
MINERIA DE DATOS					    7
INFORMATICA BASICA					    7
ALGEBRA 						    1
CALCULO 						    8
OPTIMIZACION						    6
GESTION DE RIESGOS					    4
ASTRONOMIA						    3
ENSENANZA DE LA MATEMATICA				    5

A							  CAR
-------------------------------------------------- ----------
ANALISIS COMPLEJO					    2
ESTADISTICA						    6

13 rows selected.

SQL> DROP VIEW VISTA3;

View dropped.

SQL> DROP TABLE ASIGNATURA;
DROP TABLE ASIGNATURA
           *
ERROR at line 1:
ORA-00942: table or view does not exist


SQL> DROP TABLE alu0101037653.ASIGNATURA;
DROP TABLE alu0101037653.ASIGNATURA
                         *
ERROR at line 1:
ORA-01031: insufficient privileges


SQL> exit
Disconnected from Oracle Database 12c Enterprise Edition Release 12.2.0.1.0 - 64bit Production
alu0101037653@c2:~$ sqlplus

SQL*Plus: Release 12.2.0.1.0 Production on Mon Jan 14 18:19:33 2019

Copyright (c) 1982, 2016, Oracle.  All rights reserved.

Enter password: 
Last Successful login time: Wed Jan 09 2019 13:12:36 +00:00

Connected to:
Oracle Database 12c Enterprise Edition Release 12.2.0.1.0 - 64bit Production

SQL> REVOKE SELECT, UPDATE, INSERT, DELETE
  2  ON DEPARTAMENTO
  3  FROM alumno;

Revoke succeeded.

SQL> REVOKE SELECT, UPDATE, INSERT, DELETE
  2  ON AREA
  3  FROM alumno;

Revoke succeeded.

SQL> REVOKE SELECT, UPDATE
  2  ON ASIGNATURA
  3  FROM alumno;

Revoke succeeded.

SQL> REVOKE SELECT, UPDATE
  2  ON TITULACION
  3  FROM alumno;

Revoke succeeded.

SQL> exit
Disconnected from Oracle Database 12c Enterprise Edition Release 12.2.0.1.0 - 64bit Production
alu0101037653@c2:~$ exit
logout
Connection to exthost2.etsii.ull.es closed.
joselinefron@joselinefron:~$ 

